// Jest Snapshot v1, https://goo.gl/fbAQLP

exports[`The component should render correctly 1`] = `
Array [
  <h2>
    Login
  </h2>,
  <form
    onSubmit={[Function]}
  >
    <div>
      
    </div>
    <div>
      <label
        htmlFor="email"
      >
        E-Mail
      </label>
      <input
        autoComplete="off"
        id="email"
        name="email"
        onChange={[Function]}
        required={true}
        type="email"
      />
    </div>
    <div>
      <label
        htmlFor="password"
      >
        Password
      </label>
      <input
        autoComplete="off"
        id="password"
        name="password"
        onChange={[Function]}
        required={true}
        type="password"
      />
    </div>
    <div>
      <input
        type="submit"
        value="Login"
      />
    </div>
  </form>,
  <a
    href="/resetpassword"
    onClick={[Function]}
  >
    Forgot password?
  </a>,
]
`;
